MSBuild version 17.8.3+195e7f5a3 for .NET
  Determining projects to restore...
  All projects are up-to-date for restore.
  FocusSpace.Domain -> C:\Users\Admin\Desktop\focusspace\backend\FocusSpace.Domain\bin\Debug\net8.0\FocusSpace.Domain.dll
  FocusSpace.Application -> C:\Users\Admin\Desktop\focusspace\backend\FocusSpace.Application\bin\Debug\net8.0\FocusSpace.Application.dll
  FocusSpace.Infrastructure -> C:\Users\Admin\Desktop\focusspace\backend\FocusSpace.Infrastructure\bin\Debug\net8.0\FocusSpace.Infrastructure.dll
  FocusSpace.Api -> C:\Users\Admin\Desktop\focusspace\backend\FocusSpace.Api\bin\Debug\net8.0\FocusSpace.Api.dll
C:\Users\Admin\Desktop\focusspace\backend\FocusSpace.Tests\Controllers\AccountControllerTests.cs(27,26): error CS0246: The type or namespace name 'IOptions<>' could not be found (are you missing a using directive or an assembly reference?) [C:\Users\Admin\Desktop\focusspace\backend\FocusSpace.Tests\FocusSpace.Tests.csproj]
C:\Users\Admin\Desktop\focusspace\backend\FocusSpace.Tests\Controllers\AccountControllerTests.cs(41,36): error CS0246: The type or namespace name 'IAuthenticationSchemeProvider' could not be found (are you missing a using directive or an assembly reference?) [C:\Users\Admin\Desktop\focusspace\backend\FocusSpace.Tests\FocusSpace.Tests.csproj]
C:\Users\Admin\Desktop\focusspace\backend\FocusSpace.Tests\Controllers\AccountControllerTests.cs(48,26): error CS0246: The type or namespace name 'IOptions<>' could not be found (are you missing a using directive or an assembly reference?) [C:\Users\Admin\Desktop\focusspace\backend\FocusSpace.Tests\FocusSpace.Tests.csproj]
C:\Users\Admin\Desktop\focusspace\backend\FocusSpace.Tests\Controllers\AccountControllerTests.cs(126,26): error CS0246: The type or namespace name 'IOptions<>' could not be found (are you missing a using directive or an assembly reference?) [C:\Users\Admin\Desktop\focusspace\backend\FocusSpace.Tests\FocusSpace.Tests.csproj]
C:\Users\Admin\Desktop\focusspace\backend\FocusSpace.Tests\Controllers\AccountControllerTests.cs(148,39): error CS1929: 'IWebHostEnvironment' does not contain a definition for 'IsDevelopment' and the best extension method overload 'HostingEnvironmentExtensions.IsDevelopment(IHostingEnvironment)' requires a receiver of type 'Microsoft.AspNetCore.Hosting.IHostingEnvironment' [C:\Users\Admin\Desktop\focusspace\backend\FocusSpace.Tests\FocusSpace.Tests.csproj]
C:\Users\Admin\Desktop\focusspace\backend\FocusSpace.Tests\Controllers\AccountControllerTests.cs(194,26): error CS0246: The type or namespace name 'IOptions<>' could not be found (are you missing a using directive or an assembly reference?) [C:\Users\Admin\Desktop\focusspace\backend\FocusSpace.Tests\FocusSpace.Tests.csproj]
C:\Users\Admin\Desktop\focusspace\backend\FocusSpace.Tests\Controllers\AccountControllerTests.cs(231,26): error CS0246: The type or namespace name 'IOptions<>' could not be found (are you missing a using directive or an assembly reference?) [C:\Users\Admin\Desktop\focusspace\backend\FocusSpace.Tests\FocusSpace.Tests.csproj]
C:\Users\Admin\Desktop\focusspace\backend\FocusSpace.Tests\Controllers\AccountControllerTests.cs(296,26): error CS0246: The type or namespace name 'IOptions<>' could not be found (are you missing a using directive or an assembly reference?) [C:\Users\Admin\Desktop\focusspace\backend\FocusSpace.Tests\FocusSpace.Tests.csproj]
C:\Users\Admin\Desktop\focusspace\backend\FocusSpace.Tests\Controllers\AccountControllerTests.cs(329,26): error CS0246: The type or namespace name 'IOptions<>' could not be found (are you missing a using directive or an assembly reference?) [C:\Users\Admin\Desktop\focusspace\backend\FocusSpace.Tests\FocusSpace.Tests.csproj]
C:\Users\Admin\Desktop\focusspace\backend\FocusSpace.Tests\Controllers\AccountControllerTests.cs(358,26): error CS0246: The type or namespace name 'IOptions<>' could not be found (are you missing a using directive or an assembly reference?) [C:\Users\Admin\Desktop\focusspace\backend\FocusSpace.Tests\FocusSpace.Tests.csproj]
C:\Users\Admin\Desktop\focusspace\backend\FocusSpace.Tests\Controllers\AccountControllerTests.cs(431,26): error CS0246: The type or namespace name 'IOptions<>' could not be found (are you missing a using directive or an assembly reference?) [C:\Users\Admin\Desktop\focusspace\backend\FocusSpace.Tests\FocusSpace.Tests.csproj]
C:\Users\Admin\Desktop\focusspace\backend\FocusSpace.Tests\Controllers\AdminControllerTests.cs(384,30): error CS7036: There is no argument given that corresponds to the required parameter 'userManager' of 'AdminControllerTests.CreateController(AppDbContext, UserManager<User>, User?)' [C:\Users\Admin\Desktop\focusspace\backend\FocusSpace.Tests\FocusSpace.Tests.csproj]
C:\Users\Admin\Desktop\focusspace\backend\FocusSpace.Tests\Controllers\AdminControllerTests.cs(400,30): error CS7036: There is no argument given that corresponds to the required parameter 'userManager' of 'AdminControllerTests.CreateController(AppDbContext, UserManager<User>, User?)' [C:\Users\Admin\Desktop\focusspace\backend\FocusSpace.Tests\FocusSpace.Tests.csproj]
C:\Users\Admin\Desktop\focusspace\backend\FocusSpace.Tests\Controllers\AccountControllerTests.cs(466,26): error CS0246: The type or namespace name 'IOptions<>' could not be found (are you missing a using directive or an assembly reference?) [C:\Users\Admin\Desktop\focusspace\backend\FocusSpace.Tests\FocusSpace.Tests.csproj]
C:\Users\Admin\Desktop\focusspace\backend\FocusSpace.Tests\Controllers\AdminControllerTests.cs(423,30): error CS7036: There is no argument given that corresponds to the required parameter 'userManager' of 'AdminControllerTests.CreateController(AppDbContext, UserManager<User>, User?)' [C:\Users\Admin\Desktop\focusspace\backend\FocusSpace.Tests\FocusSpace.Tests.csproj]
C:\Users\Admin\Desktop\focusspace\backend\FocusSpace.Tests\Controllers\AdminControllerTests.cs(438,59): error CS1503: Argument 3: cannot convert from 'string' to 'bool' [C:\Users\Admin\Desktop\focusspace\backend\FocusSpace.Tests\FocusSpace.Tests.csproj]
C:\Users\Admin\Desktop\focusspace\backend\FocusSpace.Tests\Controllers\AdminControllerTests.cs(442,30): error CS7036: There is no argument given that corresponds to the required parameter 'userManager' of 'AdminControllerTests.CreateController(AppDbContext, UserManager<User>, User?)' [C:\Users\Admin\Desktop\focusspace\backend\FocusSpace.Tests\FocusSpace.Tests.csproj]
C:\Users\Admin\Desktop\focusspace\backend\FocusSpace.Tests\Controllers\AccountControllerTests.cs(500,26): error CS0246: The type or namespace name 'IOptions<>' could not be found (are you missing a using directive or an assembly reference?) [C:\Users\Admin\Desktop\focusspace\backend\FocusSpace.Tests\FocusSpace.Tests.csproj]
C:\Users\Admin\Desktop\focusspace\backend\FocusSpace.Tests\Controllers\AccountControllerTests.cs(534,26): error CS0246: The type or namespace name 'IOptions<>' could not be found (are you missing a using directive or an assembly reference?) [C:\Users\Admin\Desktop\focusspace\backend\FocusSpace.Tests\FocusSpace.Tests.csproj]
C:\Users\Admin\Desktop\focusspace\backend\FocusSpace.Tests\Controllers\AccountControllerTests.cs(551,26): error CS0246: The type or namespace name 'IOptions<>' could not be found (are you missing a using directive or an assembly reference?) [C:\Users\Admin\Desktop\focusspace\backend\FocusSpace.Tests\FocusSpace.Tests.csproj]
C:\Users\Admin\Desktop\focusspace\backend\FocusSpace.Tests\Controllers\AccountControllerTests.cs(553,26): error CS0246: The type or namespace name 'IAuthenticationSchemeProvider' could not be found (are you missing a using directive or an assembly reference?) [C:\Users\Admin\Desktop\focusspace\backend\FocusSpace.Tests\FocusSpace.Tests.csproj]
C:\Users\Admin\Desktop\focusspace\backend\FocusSpace.Tests\Controllers\AccountControllerTests.cs(557,51): warning CS8604: Possible null reference argument for parameter 'userName' in 'Task<SignInResult> SignInManager<User>.PasswordSignInAsync(string userName, string password, bool isPersistent, bool lockoutOnFailure)'. [C:\Users\Admin\Desktop\focusspace\backend\FocusSpace.Tests\FocusSpace.Tests.csproj]
C:\Users\Admin\Desktop\focusspace\backend\FocusSpace.Tests\Controllers\AccountControllerTests.cs(585,26): error CS0246: The type or namespace name 'IOptions<>' could not be found (are you missing a using directive or an assembly reference?) [C:\Users\Admin\Desktop\focusspace\backend\FocusSpace.Tests\FocusSpace.Tests.csproj]
C:\Users\Admin\Desktop\focusspace\backend\FocusSpace.Tests\Controllers\AccountControllerTests.cs(602,26): error CS0246: The type or namespace name 'IOptions<>' could not be found (are you missing a using directive or an assembly reference?) [C:\Users\Admin\Desktop\focusspace\backend\FocusSpace.Tests\FocusSpace.Tests.csproj]
C:\Users\Admin\Desktop\focusspace\backend\FocusSpace.Tests\Controllers\AccountControllerTests.cs(604,26): error CS0246: The type or namespace name 'IAuthenticationSchemeProvider' could not be found (are you missing a using directive or an assembly reference?) [C:\Users\Admin\Desktop\focusspace\backend\FocusSpace.Tests\FocusSpace.Tests.csproj]
C:\Users\Admin\Desktop\focusspace\backend\FocusSpace.Tests\Controllers\AccountControllerTests.cs(608,51): warning CS8604: Possible null reference argument for parameter 'userName' in 'Task<SignInResult> SignInManager<User>.PasswordSignInAsync(string userName, string password, bool isPersistent, bool lockoutOnFailure)'. [C:\Users\Admin\Desktop\focusspace\backend\FocusSpace.Tests\FocusSpace.Tests.csproj]

Build FAILED.

C:\Users\Admin\Desktop\focusspace\backend\FocusSpace.Tests\Controllers\AccountControllerTests.cs(557,51): warning CS8604: Possible null reference argument for parameter 'userName' in 'Task<SignInResult> SignInManager<User>.PasswordSignInAsync(string userName, string password, bool isPersistent, bool lockoutOnFailure)'. [C:\Users\Admin\Desktop\focusspace\backend\FocusSpace.Tests\FocusSpace.Tests.csproj]
C:\Users\Admin\Desktop\focusspace\backend\FocusSpace.Tests\Controllers\AccountControllerTests.cs(608,51): warning CS8604: Possible null reference argument for parameter 'userName' in 'Task<SignInResult> SignInManager<User>.PasswordSignInAsync(string userName, string password, bool isPersistent, bool lockoutOnFailure)'. [C:\Users\Admin\Desktop\focusspace\backend\FocusSpace.Tests\FocusSpace.Tests.csproj]
C:\Users\Admin\Desktop\focusspace\backend\FocusSpace.Tests\Controllers\AccountControllerTests.cs(27,26): error CS0246: The type or namespace name 'IOptions<>' could not be found (are you missing a using directive or an assembly reference?) [C:\Users\Admin\Desktop\focusspace\backend\FocusSpace.Tests\FocusSpace.Tests.csproj]
C:\Users\Admin\Desktop\focusspace\backend\FocusSpace.Tests\Controllers\AccountControllerTests.cs(41,36): error CS0246: The type or namespace name 'IAuthenticationSchemeProvider' could not be found (are you missing a using directive or an assembly reference?) [C:\Users\Admin\Desktop\focusspace\backend\FocusSpace.Tests\FocusSpace.Tests.csproj]
C:\Users\Admin\Desktop\focusspace\backend\FocusSpace.Tests\Controllers\AccountControllerTests.cs(48,26): error CS0246: The type or namespace name 'IOptions<>' could not be found (are you missing a using directive or an assembly reference?) [C:\Users\Admin\Desktop\focusspace\backend\FocusSpace.Tests\FocusSpace.Tests.csproj]
C:\Users\Admin\Desktop\focusspace\backend\FocusSpace.Tests\Controllers\AccountControllerTests.cs(126,26): error CS0246: The type or namespace name 'IOptions<>' could not be found (are you missing a using directive or an assembly reference?) [C:\Users\Admin\Desktop\focusspace\backend\FocusSpace.Tests\FocusSpace.Tests.csproj]
C:\Users\Admin\Desktop\focusspace\backend\FocusSpace.Tests\Controllers\AccountControllerTests.cs(148,39): error CS1929: 'IWebHostEnvironment' does not contain a definition for 'IsDevelopment' and the best extension method overload 'HostingEnvironmentExtensions.IsDevelopment(IHostingEnvironment)' requires a receiver of type 'Microsoft.AspNetCore.Hosting.IHostingEnvironment' [C:\Users\Admin\Desktop\focusspace\backend\FocusSpace.Tests\FocusSpace.Tests.csproj]
C:\Users\Admin\Desktop\focusspace\backend\FocusSpace.Tests\Controllers\AccountControllerTests.cs(194,26): error CS0246: The type or namespace name 'IOptions<>' could not be found (are you missing a using directive or an assembly reference?) [C:\Users\Admin\Desktop\focusspace\backend\FocusSpace.Tests\FocusSpace.Tests.csproj]
C:\Users\Admin\Desktop\focusspace\backend\FocusSpace.Tests\Controllers\AccountControllerTests.cs(231,26): error CS0246: The type or namespace name 'IOptions<>' could not be found (are you missing a using directive or an assembly reference?) [C:\Users\Admin\Desktop\focusspace\backend\FocusSpace.Tests\FocusSpace.Tests.csproj]
C:\Users\Admin\Desktop\focusspace\backend\FocusSpace.Tests\Controllers\AccountControllerTests.cs(296,26): error CS0246: The type or namespace name 'IOptions<>' could not be found (are you missing a using directive or an assembly reference?) [C:\Users\Admin\Desktop\focusspace\backend\FocusSpace.Tests\FocusSpace.Tests.csproj]
C:\Users\Admin\Desktop\focusspace\backend\FocusSpace.Tests\Controllers\AccountControllerTests.cs(329,26): error CS0246: The type or namespace name 'IOptions<>' could not be found (are you missing a using directive or an assembly reference?) [C:\Users\Admin\Desktop\focusspace\backend\FocusSpace.Tests\FocusSpace.Tests.csproj]
C:\Users\Admin\Desktop\focusspace\backend\FocusSpace.Tests\Controllers\AccountControllerTests.cs(358,26): error CS0246: The type or namespace name 'IOptions<>' could not be found (are you missing a using directive or an assembly reference?) [C:\Users\Admin\Desktop\focusspace\backend\FocusSpace.Tests\FocusSpace.Tests.csproj]
C:\Users\Admin\Desktop\focusspace\backend\FocusSpace.Tests\Controllers\AccountControllerTests.cs(431,26): error CS0246: The type or namespace name 'IOptions<>' could not be found (are you missing a using directive or an assembly reference?) [C:\Users\Admin\Desktop\focusspace\backend\FocusSpace.Tests\FocusSpace.Tests.csproj]
C:\Users\Admin\Desktop\focusspace\backend\FocusSpace.Tests\Controllers\AdminControllerTests.cs(384,30): error CS7036: There is no argument given that corresponds to the required parameter 'userManager' of 'AdminControllerTests.CreateController(AppDbContext, UserManager<User>, User?)' [C:\Users\Admin\Desktop\focusspace\backend\FocusSpace.Tests\FocusSpace.Tests.csproj]
C:\Users\Admin\Desktop\focusspace\backend\FocusSpace.Tests\Controllers\AdminControllerTests.cs(400,30): error CS7036: There is no argument given that corresponds to the required parameter 'userManager' of 'AdminControllerTests.CreateController(AppDbContext, UserManager<User>, User?)' [C:\Users\Admin\Desktop\focusspace\backend\FocusSpace.Tests\FocusSpace.Tests.csproj]
C:\Users\Admin\Desktop\focusspace\backend\FocusSpace.Tests\Controllers\AccountControllerTests.cs(466,26): error CS0246: The type or namespace name 'IOptions<>' could not be found (are you missing a using directive or an assembly reference?) [C:\Users\Admin\Desktop\focusspace\backend\FocusSpace.Tests\FocusSpace.Tests.csproj]
C:\Users\Admin\Desktop\focusspace\backend\FocusSpace.Tests\Controllers\AdminControllerTests.cs(423,30): error CS7036: There is no argument given that corresponds to the required parameter 'userManager' of 'AdminControllerTests.CreateController(AppDbContext, UserManager<User>, User?)' [C:\Users\Admin\Desktop\focusspace\backend\FocusSpace.Tests\FocusSpace.Tests.csproj]
C:\Users\Admin\Desktop\focusspace\backend\FocusSpace.Tests\Controllers\AdminControllerTests.cs(438,59): error CS1503: Argument 3: cannot convert from 'string' to 'bool' [C:\Users\Admin\Desktop\focusspace\backend\FocusSpace.Tests\FocusSpace.Tests.csproj]
C:\Users\Admin\Desktop\focusspace\backend\FocusSpace.Tests\Controllers\AdminControllerTests.cs(442,30): error CS7036: There is no argument given that corresponds to the required parameter 'userManager' of 'AdminControllerTests.CreateController(AppDbContext, UserManager<User>, User?)' [C:\Users\Admin\Desktop\focusspace\backend\FocusSpace.Tests\FocusSpace.Tests.csproj]
C:\Users\Admin\Desktop\focusspace\backend\FocusSpace.Tests\Controllers\AccountControllerTests.cs(500,26): error CS0246: The type or namespace name 'IOptions<>' could not be found (are you missing a using directive or an assembly reference?) [C:\Users\Admin\Desktop\focusspace\backend\FocusSpace.Tests\FocusSpace.Tests.csproj]
C:\Users\Admin\Desktop\focusspace\backend\FocusSpace.Tests\Controllers\AccountControllerTests.cs(534,26): error CS0246: The type or namespace name 'IOptions<>' could not be found (are you missing a using directive or an assembly reference?) [C:\Users\Admin\Desktop\focusspace\backend\FocusSpace.Tests\FocusSpace.Tests.csproj]
C:\Users\Admin\Desktop\focusspace\backend\FocusSpace.Tests\Controllers\AccountControllerTests.cs(551,26): error CS0246: The type or namespace name 'IOptions<>' could not be found (are you missing a using directive or an assembly reference?) [C:\Users\Admin\Desktop\focusspace\backend\FocusSpace.Tests\FocusSpace.Tests.csproj]
C:\Users\Admin\Desktop\focusspace\backend\FocusSpace.Tests\Controllers\AccountControllerTests.cs(553,26): error CS0246: The type or namespace name 'IAuthenticationSchemeProvider' could not be found (are you missing a using directive or an assembly reference?) [C:\Users\Admin\Desktop\focusspace\backend\FocusSpace.Tests\FocusSpace.Tests.csproj]
C:\Users\Admin\Desktop\focusspace\backend\FocusSpace.Tests\Controllers\AccountControllerTests.cs(585,26): error CS0246: The type or namespace name 'IOptions<>' could not be found (are you missing a using directive or an assembly reference?) [C:\Users\Admin\Desktop\focusspace\backend\FocusSpace.Tests\FocusSpace.Tests.csproj]
C:\Users\Admin\Desktop\focusspace\backend\FocusSpace.Tests\Controllers\AccountControllerTests.cs(602,26): error CS0246: The type or namespace name 'IOptions<>' could not be found (are you missing a using directive or an assembly reference?) [C:\Users\Admin\Desktop\focusspace\backend\FocusSpace.Tests\FocusSpace.Tests.csproj]
C:\Users\Admin\Desktop\focusspace\backend\FocusSpace.Tests\Controllers\AccountControllerTests.cs(604,26): error CS0246: The type or namespace name 'IAuthenticationSchemeProvider' could not be found (are you missing a using directive or an assembly reference?) [C:\Users\Admin\Desktop\focusspace\backend\FocusSpace.Tests\FocusSpace.Tests.csproj]
    2 Warning(s)
    24 Error(s)

Time Elapsed 00:00:02.73
